// Jest Snapshot v1, https://goo.gl/fbAQLP

exports[`freeform modules renders GoogleParner 1`] = `"<div class=\\"sc-pNWxx kxXsqB\\"><div class=\\"sc-jrsJCI kptHWJ\\"><section width=\\"1,33.75rem,43.75rem,58.75rem,73.75rem,90.00rem\\" class=\\"sc-bdnylx sc-dlnjPT sc-iCoHVE llWFtj dGQNBV uryn\\"><h2>We're pretty good at this</h2><div class=\\"sc-fujyUd gblnJc\\"><div class=\\"g-partnersbadge\\" data-agency-id=\\"2298579190\\"></div><p>We are an award winning Google Premier Partner and our team of NZ-based analysts are the best at growing business online in Australasia. Let us take care of your search marketing and get the results you want!</p></div></section></div></div>"`;
